parseSections: non-UEFI data found in sections area
parseVolumeBody: file header parsing failed with invalid size
parseVolumeBody: file header parsing failed with invalid size
findFitRecursive: FIT table candidate found, but not referenced from the last VTF
findFitRecursive: real FIT table found at physical address FFD20100h
---------------------------------------------------------------------------
     Address      |   Size    |  Ver  | CS  |          Type / Info          
---------------------------------------------------------------------------
_FIT_             | 000000A0h | 0100h | 00h | FIT Header | 
00000000FFD20400h | 00018000h | 0100h | 00h | Microcode | CpuSignature: 000806EAh, Revision: 0000009Eh, Date: 18.10.2018
00000000FFD38400h | 00018400h | 0100h | 00h | Microcode | CpuSignature: 000806EBh, Revision: 000000A4h, Date: 25.10.2018
00000000FFD50800h | 00017C00h | 0100h | 00h | Microcode | CpuSignature: 000906EDh, Revision: 000000AAh, Date: 29.11.2018
00000000FFD68400h | 00019800h | 0100h | 00h | Microcode | CpuSignature: 000906EDh, Revision: 000000F0h, Date: 16.11.2021
00000000FFD81C00h | 00019C00h | 0100h | 00h | Microcode | CpuSignature: 000806ECh, Revision: 000000F0h, Date: 17.11.2021
00000000FFD9B800h | 00019C00h | 0100h | 00h | Microcode | CpuSignature: 000806EBh, Revision: 000000F0h, Date: 15.11.2021
00000000FFF20000h | 00002000h | 0100h | 00h | Startup ACM | LocalOffset: 00000018h, EntryPoint: 00003BD1h, ACM SVN: 0002h, Date: 01.08.2018
00000000FFFE1080h | 00000241h | 0100h | 00h | BootGuard Key Manifest | LocalOffset: 00000018h, Version: 10h, KM Version: 10h, KM SVN: 00h
00000000FFFE0000h | 000002DFh | 0100h | 00h | BootGuard Boot Policy | LocalOffset: 00000018h, Version: 10h, BP SVN: 00h, ACM SVN: 02h
---------------------------------------------------------------------------
Security Info
---------------------------------------------------------------------------
AMI v2 protected ranges hash file found at base 00FD8F18h
Protected ranges:
Address: FF171000h, Size: 0h
Hash (SHA256): 190C72667CE7609F1E564653CEAD13472B761558346999EDE94434EDB87B620A
Address: FFFFFFFFh, Size: FFFFFFFFh
Hash (SHA256): 00000000007058000000000000000000FFFFFFFFFFFFFFFFFFFFFFFFFFFFFFFF
Computed IBB Hash (SHA1): CAE6D08B82D5ED494D07206A0035800CFEE7C486
Computed IBB Hash (SHA256): 8DDC0BAB883A97E75D22CF61522C35BAACE758F159746982E60C2D7CF1B125E0
Computed IBB Hash (SHA384): F3B3E5BFA1C6E52CFA5DD68DC707409C00984E5BFEEC7BD1B68E4C1C0B2235E4749BA494EAF49DC019AAE276CB7B689D
Computed IBB Hash (SHA512): EBD7F0445F45083D905DDB42BE35A3F5D08826EABE9F88A06BD6C9077F722673D8F1ABB72764F11B6C5DDD61970C66DBAD604339439E7B4BE5A114D81CDDBD3E
Computed IBB Hash (SM3): 98B367B676561157DD814BDE3BDFD4532E67A9E779D555F22F386916038DD62D

BootGuard ACM found at base F20000h
ModuleType: 0002h
ModuleSubtype: 0003h
HeaderSize: 00000284h
HeaderVersion: 00000000h
ChipsetId: 0000h
Flags: 0000h
ModuleVendor: 8086h
Date: 01.08.2018
ModuleSize: 00008000h
AcmSvn: 0002h
SeSvn: 0001h
CodeControlFlags: 00000000h
ErrorEntryPoint: 00000000h
GdtMax: 00000020h
GdtBase: 00000598h
SegmentSel: 00000008h
EntryPoint: 00003BD1h
KeySize: 00000100h
ScratchSpaceSize: 0000023Ch
ACM RSA Public Key Exponent: 11h
ACM RSA Public Key:
C71AC1E2A457E7FCAA585572AFE2BAABFCFC17BAFBC5EED971E12883A268F7EA
6E2C9738F493D7F597144B1AF3F187156839783C503392C92088F89C75BDBC43
0E9BA63DE6890CAC5F22177909D7C2CFCDA313F0C7E299932558B7403BD1D2DF
B4874F4FC7DCE34524D896404B64FA1E88AF6349439827F139243F4BD63AE297
E2353A5837F0ED05701F057E39BAF3BD8007F1A1AD52BAE40964465E1D04304B
63221DC2FB5FD2A62D2AE7DB2FD47F62C993F490F5C7F43EABC6B45DB20ECC69
863550D48BB390FD5EBF45AFC3A7AF051396121732CAF1328F79CBBD0C96FCEE
819CDEB2E0E5B1E89A3B3BB79D7167DDEF31F663959564905EDD6A7FA7F75AEE
ACM RSA Signature:
4C2178BDD09981C5C0B103BCB04E7D61CF2768F29BBCEA473692C9D37834687A
65F6C39D72570D9D6A96B6A555E764F7F0A3CB1DCD8A8B062C156799BB7CF4D0
D8AEA6A58343EF3C821C75B3A547D7926E162C84BA8C673AB7F51184CE89B992
1432BBB493F0B816EE8C069A5F29EFC2F1B1E3326FBF15ABA52DCB4C43FD5EBF
32DBFFEF38982E301D8690382444FE6DE32606D25A9BCF30F18B2A395244E360
970C5272A26243BA1A8B70FE921BFBCBDF851B5FA0A16EB1964C260DAD197DB9
EBC4543FD436C5FAC8BD16C9E1D7DCBA00095C9073AACB73D2E380263D7DE7C1
027AA3F3B408EE287BF5A48CD5179F2A2793D118B3AB973888C30A06CE06AB0F

Intel BootGuard Key manifest found at base FE1080h
Tag: '__KEYM__'
Version: 10h
KmVersion: 10h
KmSvn: 00h
KmId: 0Fh
KM Hash (SHA256): 01636906B7EBA51AE421E0E7EC99801D096E385322AE0C0525863E1828A00904
Key Manifest Key Signature:
Version: 10h
KeyId: 0001h
SigScheme: 0014h
Key Manifest Public Key Exponent: 10001h
Key Manifest Public Key:
83B940D315EADA0484BC07655B898A2D8650B1998824298D990E6426F2237BFE
5C9EB3C9C89D0EE987C5FF8D1062813710F59E2B4789D64215D58A1FCCB0D647
5DCD0F26A893890C9406F3CA6C7B85EC61BA73B10C35C120C4505DA5297459EB
4DC1385663DF02B96B7427A2B35C9962E9928E03BC10B80CF6C0FAB9DB948D1D
FF1A4C0A0E0523774E580C72EFABEF34E2256B2C6FDD897057B4AF687F9A79DE
AAB8C846835FC804DEAE15C0D7F299DE226F37780844F2F0F2D3D63DEB33CF0C
F381AE0790FCE831282467AC3643AFB07DC28A5407D16ABFBA9AA3F9568EF487
B1C08897234F4835C0392919C044105F12AC57252E869C1E5E9D881BE60509CB
Key Manifest Public Key Hash (Modulus Only, SHA256): BAF9E37AD4610814ECAF04F9D6F22B30670C5CF06C7B4E8BD8D39AE6D8839C0A
Key Manifest Public Key Hash (Modulus Only, SHA384): 4C206D48CFB8DB01A16D7ACEC26F172BE403C9AE13F19374F3E8209951FFB953B16E56D5C32EA1541511649DFE592A5D
Key Manifest Public Key Hash (Modulus+Exponent, SHA256): CD6559A4CC38566FCA276CAE00A47E0F63336409761A21F8300554746288C46F
Key Manifest Public Key Hash (Modulus+Exponent, SHA384): 81EE352CEB5402B18332E66381F43ECA2C79FEA91A6F3DEC8B22B447AFE091699F6B3728146BCB9CB2BB62943689D3C9
Key Manifest Signature: 
15C1BF7FFBF838FD9C3382083EA2839083A34C3A57CDFAD7B86E594F3C58AE8B
5F275D9927FD2F6A0CFDEDD0622F885F916E3953A548F89E03845E2BA6798735
7EEC8EE82BE2891D4E67AF409410F419D9C362B79C8ED46F6A531BBA8175BD67
ED2260DC4FBC72C8181DD300313D26CFC2050AF27800C74CB93397B0E8542C32
A8D6E104E2222C7F543CAAAA66C5F268AFAECCFC476186A5AA7B17FA05E153D1
00B6ABC30C7EBEE2A4CA55F9EA3E0C3B9D1A66268D3F18827FB29C0548FBC493
A67E1F3068E0E23D02084C081C41984B2D631817263452EE107EED805877EB05
7775B88C517CCA0666EF685AE18DF57DE701FB825E7DEA7E0E770C6E8FDC5C64

Intel BootGuard Boot Policy Manifest found at base FE0000h
StructureId: '__ACBP__'
Version: 10h
BPMRevision: 10h
BPSVN: 00h
ACMSVN: 02h
NEMDataSize: 0090h
Boot Policy Elements:
StructureId: '__IBBS__'
Version: 10h
Flags: 00000000h
MchBar: 00000000FED10000h
VtdBar: 00000000FED90000h
DmaProtectionBase0: 00100000h
DmaProtectionLimit0: 00F00000h
DmaProtectionBase1: 0000000100000000h
DmaProtectionLimit1: 0000000F00000000h
IbbEntryPoint: FFFFFFF0h
IbbSegmentsCount: 04h
PostIBB Hash: N/A
IBB Hash (SHA256): 8DDC0BAB883A97E75D22CF61522C35BAACE758F159746982E60C2D7CF1B125E0
IBB Segments:
Flags: 0000h, Address: FFF10000h, Size: 00010000h
Flags: 0000h, Address: FFF28000h, Size: 000B8000h
Flags: 0000h, Address: FFFE1000h, Size: 00000080h
Flags: 0000h, Address: FFFE2080h, Size: 0001DF80h
StructureId: '__PMSG__'
Version: 10h
Boot Policy Key Signature:
Version: 10h
KeyId: 0001h
SigScheme: 0014h
Boot Policy Public Key Exponent: 10001h
Boot Policy Public Key:
DF9206A7D3F288527F4DBE890885E635FC69316D8A23461606DCD7ED78293B48
77EBCDCA00829221DEAB81B59E26672A57437E9CD37D968D688D93AF772004FE
CA7C95ECE20D08C977CD378ECF899DBE4C5E60F235714CF858F88E6C339756CC
BC1CC498E1A8D1ADCAAFBA49E07452C141C1C4CCA1BC0297FFAACBEC54CA9FEF
8F31A88F853B66D7BC77F9434E79FA1BCF1983E15D2D9E39B3C901089E4B1A72
DE1D70B81E08B0FB972B4D57C09A750F6C303646B89D8E1532B2CE8DEA2A5930
B5F32F9EF7870ACC21A58CEF294B76A258BF30ECE9BFDFF227E2C8E198F22168
AE167059FF412C3DAD1132DF91A8C4AAB42061BD38241E7F3CC1C89EF11D51D4
Boot Policy Public Key Hash (SHA256): 01636906B7EBA51AE421E0E7EC99801D096E385322AE0C0525863E1828A00904
Boot Policy Public Key Hash (SHA384): D3D474F8C1F049A97A96BE683E091E0B4E83A571362E826D57337FF7AE492D140C9FBEA0D3841DAEF517CB3D4984A4E9
Boot Policy Signature: 
6A5B2BACB1A675567A8D028E306346A4227C03D5F5FE73B671AB3FAF87FCFA61
B73F41F92B51BABE950F3823E75F5D696B63294C6C03A21C857B76469C59C3BA
FF228604B248E8709C2BACBD276B668E0C19CA19A452E9A1DCD06795A6426E6D
D520CBAB7D2ED867C194F589EF146CA68A9ABD4995FD2F76FAB2B0D4F8D1B286
EEE6810F4659D424BF20DD045241C80A1F2D822852798219B690AF9E5A2114E8
9696C39B51E0D3BE71E5BDE8669F646D618E2809D88681D16EB7A77181D21D8E
A11378970079BDAF4E437E7289034EE4A2505722634AF41F79BBDE61729D7110
018F046586D78C6F475468A19DC4E4A2A7ED212DF44CB610E1EDF69047D6B2CC


